Copyright 1986-2022 Xilinx, Inc. All Rights Reserved. Copyright 2022-2025 Advanced Micro Devices, Inc. All Rights Reserved.
-------------------------------------------------------------------------------------------------------------------------------------------------------------------------------------------------------------------------------------------
| Tool Version : Vivado v.2025.2 (win64) Build 6299465 Fri Nov 14 19:35:11 GMT 2025
| Date         : Wed Aug 19 10:55:55 2026
| Host         : road-to-AGI running 64-bit major release  (build 9200)
| Command      : report_timing_summary -delay_type min_max -report_unconstrained -check_timing_verbose -file C:/Users/uchiha_sasuke/Documents/CPU/study_initial/jyd2025_ooo_soc_v23/reports/impl/coremark18000_20260819/timing_summary.rpt
| Design       : jyd_soc_top
| Device       : 7k325t-ffg900
| Speed File   : -2  PRODUCTION 1.12 2017-02-17
| Design State : Routed
-------------------------------------------------------------------------------------------------------------------------------------------------------------------------------------------------------------------------------------------

Timing Summary Report

------------------------------------------------------------------------------------------------
| Timer Settings
| --------------
------------------------------------------------------------------------------------------------

  Enable Multi Corner Analysis               :  Yes
  Enable Pessimism Removal                   :  Yes
  Pessimism Removal Resolution               :  Nearest Common Node
  Enable Input Delay Default Clock           :  No
  Enable Preset / Clear Arcs                 :  No
  Disable Flight Delays                      :  No
  Ignore I/O Paths                           :  No
  Timing Early Launch at Borrowing Latches   :  No
  Borrow Time for Max Delay Exceptions       :  Yes
  Merge Timing Exceptions                    :  Yes
  Inter-SLR Compensation                     :  Conservative

  Corner  Analyze    Analyze    
  Name    Max Paths  Min Paths  
  ------  ---------  ---------  
  Slow    Yes        Yes        
  Fast    Yes        Yes        


------------------------------------------------------------------------------------------------
| Report Methodology
| ------------------
------------------------------------------------------------------------------------------------

No report available as report_methodology has not been run prior. Run report_methodology on the current design for the summary of methodology violations.



check_timing report

Table of Contents
-----------------
1. checking no_clock (0)
2. checking constant_clock (0)
3. checking pulse_width_clock (0)
4. checking unconstrained_internal_endpoints (0)
5. checking no_input_delay (2)
6. checking no_output_delay (27)
7. checking multiple_clock (0)
8. checking generated_clocks (0)
9. checking loops (0)
10. checking partial_input_delay (0)
11. checking partial_output_delay (0)
12. checking latch_loops (0)

1. checking no_clock (0)
------------------------
 There are 0 register/latch pins with no clock.


2. checking constant_clock (0)
------------------------------
 There are 0 register/latch pins with constant_clock.


3. checking pulse_width_clock (0)
---------------------------------
 There are 0 register/latch pins which need pulse_width check


4. checking unconstrained_internal_endpoints (0)
------------------------------------------------
 There are 0 pins that are not constrained for maximum delay.

 There are 0 pins that are not constrained for maximum delay due to constant clock.


5. checking no_input_delay (2)
------------------------------
 There are 0 input ports with no input delay specified.

 There are 2 input ports with no input delay but user has a false path constraint. (MEDIUM)

ds18b20_dq_io
i_uart_rx


6. checking no_output_delay (27)
--------------------------------
 There are 0 ports with no output delay specified.

 There are 27 ports with no output delay but user has a false path constraint (MEDIUM)

ds18b20_dq_io
o_uart_tx
virtual_led[0]
virtual_seg[10]
virtual_seg[11]
virtual_seg[12]
virtual_seg[13]
virtual_seg[14]
virtual_seg[15]
virtual_seg[16]
virtual_seg[17]
virtual_seg[18]
virtual_seg[19]
virtual_seg[20]
virtual_seg[21]
virtual_seg[22]
virtual_seg[23]
virtual_seg[24]
virtual_seg[25]
virtual_seg[26]
virtual_seg[27]
virtual_seg[28]
virtual_seg[29]
virtual_seg[38]
virtual_seg[39]
virtual_seg[8]
virtual_seg[9]

 There are 0 ports with no output delay but with a timing clock defined on it or propagating through it


7. checking multiple_clock (0)
------------------------------
 There are 0 register/latch pins with multiple clocks.


8. checking generated_clocks (0)
--------------------------------
 There are 0 generated clocks that are not connected to a clock source.


9. checking loops (0)
---------------------
 There are 0 combinational loops in the design.


10. checking partial_input_delay (0)
------------------------------------
 There are 0 input ports with partial input delay specified.


11. checking partial_output_delay (0)
-------------------------------------
 There are 0 ports with partial output delay specified.


12. checking latch_loops (0)
----------------------------
 There are 0 combinational latch loops in the design through latch input



------------------------------------------------------------------------------------------------
| Design Timing Summary
| ---------------------
------------------------------------------------------------------------------------------------

    WNS(ns)      TNS(ns)  TNS Failing Endpoints  TNS Total Endpoints      WHS(ns)      THS(ns)  THS Failing Endpoints  THS Total Endpoints     WPWS(ns)     TPWS(ns)  TPWS Failing Endpoints  TPWS Total Endpoints  
    -------      -------  ---------------------  -------------------      -------      -------  ---------------------  -------------------     --------     --------  ----------------------  --------------------  
      0.001        0.000                      0                58610        0.045        0.000                      0                58610        1.100        0.000                       0                 16753  


All user specified timing constraints are met.


------------------------------------------------------------------------------------------------
| Clock Summary
| -------------
------------------------------------------------------------------------------------------------

Clock           Waveform(ns)         Period(ns)      Frequency(MHz)
-----           ------------         ----------      --------------
i_sys_clk_p     {0.000 2.500}        5.000           200.000         
  clk_out1_pll  {0.000 10.000}       20.000          50.000          
  clk_out2_pll  {0.000 3.333}        6.667           150.000         
  clkfbout_pll  {0.000 5.000}        10.000          100.000         


------------------------------------------------------------------------------------------------
| Intra Clock Table
| -----------------
------------------------------------------------------------------------------------------------

Clock               WNS(ns)      TNS(ns)  TNS Failing Endpoints  TNS Total Endpoints      WHS(ns)      THS(ns)  THS Failing Endpoints  THS Total Endpoints     WPWS(ns)     TPWS(ns)  TPWS Failing Endpoints  TPWS Total Endpoints  
-----               -------      -------  ---------------------  -------------------      -------      -------  ---------------------  -------------------     --------     --------  ----------------------  --------------------  
i_sys_clk_p                                                                                                                                                       1.100        0.000                       0                     2  
  clk_out1_pll       15.063        0.000                      0                  656        0.118        0.000                      0                  656        9.600        0.000                       0                   242  
  clk_out2_pll        0.001        0.000                      0                57954        0.045        0.000                      0                57954        2.565        0.000                       0                 16506  
  clkfbout_pll                                                                                                                                                    8.592        0.000                       0                     3  


------------------------------------------------------------------------------------------------
| Inter Clock Table
| -----------------
------------------------------------------------------------------------------------------------

From Clock    To Clock          WNS(ns)      TNS(ns)  TNS Failing Endpoints  TNS Total Endpoints      WHS(ns)      THS(ns)  THS Failing Endpoints  THS Total Endpoints  
----------    --------          -------      -------  ---------------------  -------------------      -------      -------  ---------------------  -------------------  


------------------------------------------------------------------------------------------------
| Other Path Groups Table
| -----------------------
------------------------------------------------------------------------------------------------

Path Group    From Clock    To Clock          WNS(ns)      TNS(ns)  TNS Failing Endpoints  TNS Total Endpoints      WHS(ns)      THS(ns)  THS Failing Endpoints  THS Total Endpoints  
----------    ----------    --------          -------      -------  ---------------------  -------------------      -------      -------  ---------------------  -------------------  


------------------------------------------------------------------------------------------------
| User Ignored Path Table
| -----------------------
------------------------------------------------------------------------------------------------

Path Group    From Clock    To Clock    
----------    ----------    --------    
(none)        clk_out1_pll                
(none)        clk_out2_pll                
(none)                      clk_out1_pll  
(none)                      clk_out2_pll  


------------------------------------------------------------------------------------------------
| Unconstrained Path Table
| ------------------------
------------------------------------------------------------------------------------------------

Path Group    From Clock    To Clock    
----------    ----------    --------    


------------------------------------------------------------------------------------------------
| Timing Details
| --------------
------------------------------------------------------------------------------------------------


---------------------------------------------------------------------------------------------------
From Clock:  i_sys_clk_p
  To Clock:  i_sys_clk_p

Setup :           NA  Failing Endpoints,  Worst Slack           NA  ,  Total Violation           NA
Hold  :           NA  Failing Endpoints,  Worst Slack           NA  ,  Total Violation           NA
PW    :            0  Failing Endpoints,  Worst Slack        1.100ns,  Total Violation        0.000ns
---------------------------------------------------------------------------------------------------


Pulse Width Checks
--------------------------------------------------------------------------------------
Clock Name:         i_sys_clk_p
Waveform(ns):       { 0.000 2.500 }
Period(ns):         5.000
Sources:            { i_sys_clk_p }

Check Type        Corner  Lib Pin           Reference Pin  Required(ns)  Actual(ns)  Slack(ns)  Location        Pin
Min Period        n/a     BUFG/I            n/a            1.408         5.000       3.591      BUFGCTRL_X0Y3   u_pll/inst/clkin1_bufg1/I
Max Period        n/a     PLLE2_ADV/CLKIN1  n/a            52.633        5.000       47.633     PLLE2_ADV_X1Y0  u_pll/inst/plle2_adv_inst/CLKIN1
Low Pulse Width   Slow    PLLE2_ADV/CLKIN1  n/a            1.400         2.500       1.100      PLLE2_ADV_X1Y0  u_pll/inst/plle2_adv_inst/CLKIN1
High Pulse Width  Slow    PLLE2_ADV/CLKIN1  n/a            1.400         2.500       1.100      PLLE2_ADV_X1Y0  u_pll/inst/plle2_adv_inst/CLKIN1



---------------------------------------------------------------------------------------------------
From Clock:  clk_out1_pll
  To Clock:  clk_out1_pll

Setup :            0  Failing Endpoints,  Worst Slack       15.063ns,  Total Violation        0.000ns
Hold  :            0  Failing Endpoints,  Worst Slack        0.118ns,  Total Violation        0.000ns
PW    :            0  Failing Endpoints,  Worst Slack        9.600ns,  Total Violation        0.000ns
---------------------------------------------------------------------------------------------------


Max Delay Paths
--------------------------------------------------------------------------------------
Slack (MET) :             15.063ns  (required time - arrival time)
  Source:                 u_temperature_island/u_sensor/us_count_q_reg[2]/C
                            (rising edge-triggered cell FDRE clocked by clk_out1_pll  {rise@0.000ns fall@10.000ns period=20.000ns})
  Destination:            u_temperature_island/u_sensor/us_count_q_reg[31]/D
                            (rising edge-triggered cell FDRE clocked by clk_out1_pll  {rise@0.000ns fall@10.000ns period=20.000ns})
  Path Group:             clk_out1_pll
  Path Type:              Setup (Max at Slow Process Corner)
  Requirement:            20.000ns  (clk_out1_pll rise@20.000ns - clk_out1_pll rise@0.000ns)
  Data Path Delay:        4.841ns  (logic 1.235ns (25.514%)  route 3.606ns (74.486%))
  Logic Levels:           12  (CARRY4=7 LUT4=1 LUT6=4)
  Clock Path Skew:        -0.044ns (DCD - SCD + CPR)
    Destination Clock Delay (DCD):    4.328ns = ( 24.328 - 20.000 ) 
    Source Clock Delay      (SCD):    4.734ns
    Clock Pessimism Removal (CPR):    0.361ns
  Clock Uncertainty:      0.086ns  ((TSJ^2 + DJ^2)^1/2) / 2 + PE
    Total System Jitter     (TSJ):    0.071ns
    Discrete Jitter          (DJ):    0.157ns
    Phase Error              (PE):    0.000ns

    Location             Delay type                Incr(ns)  Path(ns)    Netlist Resource(s)
  -------------------------------------------------------------------    -------------------
                         (clock clk_out1_pll rise edge)
                                                      0.000     0.000 r  
    AD12                                              0.000     0.000 r  i_sys_clk_p (IN)
                         net (fo=0)                   0.000     0.000    u_pll/inst/clk_in1_p
    AD12                 IBUFDS (Prop_ibufds_I_O)     0.906     0.906 r  u_pll/inst/clkin1_ibufgds/O
                         net (fo=1, routed)           2.299     3.205    u_pll/inst/clk_in1_pll_buf
    BUFGCTRL_X0Y3        BUFG (Prop_bufg_I_O)         0.093     3.298 r  u_pll/inst/clkin1_bufg1/O
                         net (fo=1, routed)           1.959     5.257    u_pll/inst/clk_in1_pll
    PLLE2_ADV_X1Y0       PLLE2_ADV (Prop_plle2_adv_CLKIN1_CLKOUT0)
                                                     -4.519     0.738 r  u_pll/inst/plle2_adv_inst/CLKOUT0
                         net (fo=1, routed)           2.467     3.205    u_pll/inst/clk_out1_pll
    BUFGCTRL_X0Y1        BUFG (Prop_bufg_I_O)         0.093     3.298 r  u_pll/inst/clkout1_buf/O
                         net (fo=240, routed)         1.436     4.734    u_temperature_island/u_sensor/CLK
    SLICE_X11Y272        FDRE                                         r  u_temperature_island/u_sensor/us_count_q_reg[2]/C
  -------------------------------------------------------------------    -------------------
    SLICE_X11Y272        FDRE (Prop_fdre_C_Q)         0.223     4.957 r  u_temperature_island/u_sensor/us_count_q_reg[2]/Q
                         net (fo=7, routed)           0.387     5.344    u_temperature_island/u_sensor/us_count_q_reg_n_0_[2]
    SLICE_X10Y272        CARRY4 (Prop_carry4_S[1]_CO[3])
                                                      0.299     5.643 r  u_temperature_island/u_sensor/us_count_q_reg[4]_i_2/CO[3]
                         net (fo=1, routed)           0.000     5.643    u_temperature_island/u_sensor/us_count_q_reg[4]_i_2_n_0
    SLICE_X10Y273        CARRY4 (Prop_carry4_CI_CO[3])
                                                      0.054     5.697 r  u_temperature_island/u_sensor/us_count_q_reg[8]_i_4/CO[3]
                         net (fo=1, routed)           0.000     5.697    u_temperature_island/u_sensor/us_count_q_reg[8]_i_4_n_0
    SLICE_X10Y274        CARRY4 (Prop_carry4_CI_CO[3])
                                                      0.054     5.751 r  u_temperature_island/u_sensor/us_count_q_reg[12]_i_2/CO[3]
                         net (fo=1, routed)           0.007     5.758    u_temperature_island/u_sensor/us_count_q_reg[12]_i_2_n_0
    SLICE_X10Y275        CARRY4 (Prop_carry4_CI_CO[3])
                                                      0.054     5.812 r  u_temperature_island/u_sensor/us_count_q_reg[16]_i_2/CO[3]
                         net (fo=1, routed)           0.000     5.812    u_temperature_island/u_sensor/us_count_q_reg[16]_i_2_n_0
    SLICE_X10Y276        CARRY4 (Prop_carry4_CI_CO[3])
                                                      0.054     5.866 r  u_temperature_island/u_sensor/us_count_q_reg[19]_i_2/CO[3]
                         net (fo=1, routed)           0.000     5.866    u_temperature_island/u_sensor/us_count_q_reg[19]_i_2_n_0
    SLICE_X10Y277        CARRY4 (Prop_carry4_CI_CO[3])
                                                      0.054     5.920 r  u_temperature_island/u_sensor/us_count_q_reg[24]_i_2/CO[3]
                         net (fo=1, routed)           0.000     5.920    u_temperature_island/u_sensor/us_count_q_reg[24]_i_2_n_0
    SLICE_X10Y278        CARRY4 (Prop_carry4_CI_O[3])
                                                      0.151     6.071 f  u_temperature_island/u_sensor/us_count_q_reg[28]_i_2/O[3]
                         net (fo=2, routed)           0.565     6.636    u_temperature_island/u_sensor/data0[28]
    SLICE_X9Y278         LUT4 (Prop_lut4_I1_O)        0.120     6.756 f  u_temperature_island/u_sensor/FSM_sequential_state_q[3]_i_22/O
                         net (fo=3, routed)           0.253     7.009    u_temperature_island/u_sensor/FSM_sequential_state_q[3]_i_22_n_0
    SLICE_X11Y279        LUT6 (Prop_lut6_I3_O)        0.043     7.052 f  u_temperature_island/u_sensor/FSM_sequential_state_q[3]_i_19/O
                         net (fo=1, routed)           0.486     7.538    u_temperature_island/u_sensor/FSM_sequential_state_q[3]_i_19_n_0
    SLICE_X11Y275        LUT6 (Prop_lut6_I5_O)        0.043     7.581 f  u_temperature_island/u_sensor/FSM_sequential_state_q[3]_i_11/O
                         net (fo=3, routed)           0.569     8.151    u_temperature_island/u_sensor/FSM_sequential_state_q[3]_i_11_n_0
    SLICE_X8Y274         LUT6 (Prop_lut6_I4_O)        0.043     8.194 f  u_temperature_island/u_sensor/us_count_q[31]_i_4/O
                         net (fo=28, routed)          1.338     9.531    u_temperature_island/u_sensor/us_count_q[31]_i_4_n_0
    SLICE_X9Y278         LUT6 (Prop_lut6_I3_O)        0.043     9.574 r  u_temperature_island/u_sensor/us_count_q[31]_i_2/O
                         net (fo=1, routed)           0.000     9.574    u_temperature_island/u_sensor/us_count_q[31]_i_2_n_0
    SLICE_X9Y278         FDRE                                         r  u_temperature_island/u_sensor/us_count_q_reg[31]/D
  -------------------------------------------------------------------    -------------------

                         (clock clk_out1_pll rise edge)
                                                     20.000    20.000 r  
    AD12                                              0.000    20.000 r  i_sys_clk_p (IN)
                         net (fo=0)                   0.000    20.000    u_pll/inst/clk_in1_p
    AD12                 IBUFDS (Prop_ibufds_I_O)     0.803    20.803 r  u_pll/inst/clkin1_ibufgds/O
                         net (fo=1, routed)           2.173    22.976    u_pll/inst/clk_in1_pll_buf
    BUFGCTRL_X0Y3        BUFG (Prop_bufg_I_O)         0.083    23.059 r  u_pll/inst/clkin1_bufg1/O
                         net (fo=1, routed)           1.796    24.855    u_pll/inst/clk_in1_pll
    PLLE2_ADV_X1Y0       PLLE2_ADV (Prop_plle2_adv_CLKIN1_CLKOUT0)
                                                     -4.213    20.642 r  u_pll/inst/plle2_adv_inst/CLKOUT0
                         net (fo=1, routed)           2.334    22.976    u_pll/inst/clk_out1_pll
    BUFGCTRL_X0Y1        BUFG (Prop_bufg_I_O)         0.083    23.059 r  u_pll/inst/clkout1_buf/O
                         net (fo=240, routed)         1.269    24.328    u_temperature_island/u_sensor/CLK
    SLICE_X9Y278         FDRE                                         r  u_temperature_island/u_sensor/us_count_q_reg[31]/C
                         clock pessimism              0.361    24.690    
                         clock uncertainty           -0.086    24.603    
    SLICE_X9Y278         FDRE (Setup_fdre_C_D)        0.034    24.637    u_temperature_island/u_sensor/us_count_q_reg[31]
  -------------------------------------------------------------------
                         required time                         24.637    
                         arrival time                          -9.574    
  -------------------------------------------------------------------
                         slack                                 15.063    





Min Delay Paths
--------------------------------------------------------------------------------------
Slack (MET) :             0.118ns  (arrival time - required time)
  Source:                 u_temperature_island/u_sensor/FSM_sequential_state_q_reg[3]/C
                            (rising edge-triggered cell FDRE clocked by clk_out1_pll  {rise@0.000ns fall@10.000ns period=20.000ns})
  Destination:            u_temperature_island/u_sensor/FSM_sequential_state_q_reg[0]/D
                            (rising edge-triggered cell FDRE clocked by clk_out1_pll  {rise@0.000ns fall@10.000ns period=20.000ns})
  Path Group:             clk_out1_pll
  Path Type:              Hold (Min at Fast Process Corner)
  Requirement:            0.000ns  (clk_out1_pll rise@0.000ns - clk_out1_pll rise@0.000ns)
  Data Path Delay:        0.216ns  (logic 0.128ns (59.368%)  route 0.088ns (40.632%))
  Logic Levels:           1  (LUT6=1)
  Clock Path Skew:        0.011ns (DCD - SCD - CPR)
    Destination Clock Delay (DCD):    2.552ns
    Source Clock Delay      (SCD):    2.173ns
    Clock Pessimism Removal (CPR):    0.367ns

    Location             Delay type                Incr(ns)  Path(ns)    Netlist Resource(s)
  -------------------------------------------------------------------    -------------------
                         (clock clk_out1_pll rise edge)
                                                      0.000     0.000 r  
    AD12                                              0.000     0.000 r  i_sys_clk_p (IN)
                         net (fo=0)                   0.000     0.000    u_pll/inst/clk_in1_p
    AD12                 IBUFDS (Prop_ibufds_I_O)     0.388     0.388 r  u_pll/inst/clkin1_ibufgds/O
                         net (fo=1, routed)           1.083     1.471    u_pll/inst/clk_in1_pll_buf
    BUFGCTRL_X0Y3        BUFG (Prop_bufg_I_O)         0.026     1.497 r  u_pll/inst/clkin1_bufg1/O
                         net (fo=1, routed)           0.767     2.264    u_pll/inst/clk_in1_pll
    PLLE2_ADV_X1Y0       PLLE2_ADV (Prop_plle2_adv_CLKIN1_CLKOUT0)
                                                     -1.938     0.326 r  u_pll/inst/plle2_adv_inst/CLKOUT0
                         net (fo=1, routed)           1.145     1.471    u_pll/inst/clk_out1_pll
    BUFGCTRL_X0Y1        BUFG (Prop_bufg_I_O)         0.026     1.497 r  u_pll/inst/clkout1_buf/O
                         net (fo=240, routed)         0.676     2.173    u_temperature_island/u_sensor/CLK
    SLICE_X7Y275         FDRE                                         r  u_temperature_island/u_sensor/FSM_sequential_state_q_reg[3]/C
  -------------------------------------------------------------------    -------------------
    SLICE_X7Y275         FDRE (Prop_fdre_C_Q)         0.100     2.273 r  u_temperature_island/u_sensor/FSM_sequential_state_q_reg[3]/Q
                         net (fo=25, routed)          0.088     2.361    u_temperature_island/u_sensor/state_q__0[3]
    SLICE_X6Y275         LUT6 (Prop_lut6_I5_O)        0.028     2.389 r  u_temperature_island/u_sensor/FSM_sequential_state_q[0]_i_1/O
                         net (fo=1, routed)           0.000     2.389    u_temperature_island/u_sensor/state_q__1[0]
    SLICE_X6Y275         FDRE                                         r  u_temperature_island/u_sensor/FSM_sequential_state_q_reg[0]/D
  -------------------------------------------------------------------    -------------------

                         (clock clk_out1_pll rise edge)
                                                      0.000     0.000 r  
    AD12                                              0.000     0.000 r  i_sys_clk_p (IN)
                         net (fo=0)                   0.000     0.000    u_pll/inst/clk_in1_p
    AD12                 IBUFDS (Prop_ibufds_I_O)     0.470     0.470 r  u_pll/inst/clkin1_ibufgds/O
                         net (fo=1, routed)           1.154     1.624    u_pll/inst/clk_in1_pll_buf
    BUFGCTRL_X0Y3        BUFG (Prop_bufg_I_O)         0.030     1.654 r  u_pll/inst/clkin1_bufg1/O
                         net (fo=1, routed)           1.037     2.691    u_pll/inst/clk_in1_pll
    PLLE2_ADV_X1Y0       PLLE2_ADV (Prop_plle2_adv_CLKIN1_CLKOUT0)
                                                     -2.283     0.408 r  u_pll/inst/plle2_adv_inst/CLKOUT0
                         net (fo=1, routed)           1.216     1.624    u_pll/inst/clk_out1_pll
    BUFGCTRL_X0Y1        BUFG (Prop_bufg_I_O)         0.030     1.654 r  u_pll/inst/clkout1_buf/O
                         net (fo=240, routed)         0.898     2.552    u_temperature_island/u_sensor/CLK
    SLICE_X6Y275         FDRE                                         r  u_temperature_island/u_sensor/FSM_sequential_state_q_reg[0]/C
                         clock pessimism             -0.367     2.184    
    SLICE_X6Y275         FDRE (Hold_fdre_C_D)         0.087     2.271    u_temperature_island/u_sensor/FSM_sequential_state_q_reg[0]
  -------------------------------------------------------------------
                         required time                         -2.271    
                         arrival time                           2.389    
  -------------------------------------------------------------------
                         slack                                  0.118    





Pulse Width Checks
--------------------------------------------------------------------------------------
Clock Name:         clk_out1_pll
Waveform(ns):       { 0.000 10.000 }
Period(ns):         20.000
Sources:            { u_pll/inst/plle2_adv_inst/CLKOUT0 }

Check Type        Corner  Lib Pin            Reference Pin  Required(ns)  Actual(ns)  Slack(ns)  Location        Pin
Min Period        n/a     BUFG/I             n/a            1.408         20.000      18.591     BUFGCTRL_X0Y1   u_pll/inst/clkout1_buf/I
Max Period        n/a     PLLE2_ADV/CLKOUT0  n/a            160.000       20.000      140.000    PLLE2_ADV_X1Y0  u_pll/inst/plle2_adv_inst/CLKOUT0
Low Pulse Width   Slow    FDCE/C             n/a            0.400         10.000      9.600      SLICE_X12Y258   u_board_reset/sync_q_reg[1]/C
High Pulse Width  Slow    FDRE/C             n/a            0.350         10.000      9.650      SLICE_X7Y262    board_run_q_reg/C



---------------------------------------------------------------------------------------------------
From Clock:  clk_out2_pll
  To Clock:  clk_out2_pll

Setup :            0  Failing Endpoints,  Worst Slack        0.001ns,  Total Violation        0.000ns
Hold  :            0  Failing Endpoints,  Worst Slack        0.045ns,  Total Violation        0.000ns
PW    :            0  Failing Endpoints,  Worst Slack        2.565ns,  Total Violation        0.000ns
---------------------------------------------------------------------------------------------------


Max Delay Paths
--------------------------------------------------------------------------------------
Slack (MET) :             0.001ns  (required time - arrival time)
  Source:                 u_soc/u_core/ex1_forward_pdst_iq1_q_reg[2]_rep/C
                            (rising edge-triggered cell FDRE clocked by clk_out2_pll  {rise@0.000ns fall@3.333ns period=6.667ns})
  Destination:            u_soc/u_core/ex1_lsu_q_reg[base][18]_replica_1/D
                            (rising edge-triggered cell FDRE clocked by clk_out2_pll  {rise@0.000ns fall@3.333ns period=6.667ns})
  Path Group:             clk_out2_pll
  Path Type:              Setup (Max at Slow Process Corner)
  Requirement:            6.667ns  (clk_out2_pll rise@6.667ns - clk_out2_pll rise@0.000ns)
  Data Path Delay:        6.534ns  (logic 0.782ns (11.967%)  route 5.752ns (88.033%))
  Logic Levels:           13  (LUT3=1 LUT4=2 LUT5=1 LUT6=9)
  Clock Path Skew:        -0.040ns (DCD - SCD + CPR)
    Destination Clock Delay (DCD):    4.415ns = ( 11.082 - 6.667 ) 
    Source Clock Delay      (SCD):    4.812ns
    Clock Pessimism Removal (CPR):    0.356ns
  Clock Uncertainty:      0.072ns  ((TSJ^2 + DJ^2)^1/2) / 2 + PE
    Total System Jitter     (TSJ):    0.071ns
    Discrete Jitter          (DJ):    0.126ns
    Phase Error              (PE):    0.000ns

    Location             Delay type                Incr(ns)  Path(ns)    Netlist Resource(s)
  -------------------------------------------------------------------    -------------------
                         (clock clk_out2_pll rise edge)
                                                      0.000     0.000 r  
    AD12                                              0.000     0.000 r  i_sys_clk_p (IN)
                         net (fo=0)                   0.000     0.000    u_pll/inst/clk_in1_p
    AD12                 IBUFDS (Prop_ibufds_I_O)     0.906     0.906 r  u_pll/inst/clkin1_ibufgds/O
                         net (fo=1, routed)           2.299     3.205    u_pll/inst/clk_in1_pll_buf
    BUFGCTRL_X0Y3        BUFG (Prop_bufg_I_O)         0.093     3.298 r  u_pll/inst/clkin1_bufg1/O
                         net (fo=1, routed)           1.959     5.257    u_pll/inst/clk_in1_pll
    PLLE2_ADV_X1Y0       PLLE2_ADV (Prop_plle2_adv_CLKIN1_CLKOUT1)
                                                     -4.519     0.738 r  u_pll/inst/plle2_adv_inst/CLKOUT1
                         net (fo=1, routed)           2.467     3.205    u_pll/inst/clk_out2_pll
    BUFGCTRL_X0Y15       BUFG (Prop_bufg_I_O)         0.093     3.298 r  u_pll/inst/clkout2_buf_replica/O
                         net (fo=9, routed)           0.149     3.447    u_pll/inst/clk_out2_repN
    BUFGCTRL_X0Y0        BUFG (Prop_bufg_I_O)         0.093     3.540 r  u_pll/inst/clkout2_buf/O
                         net (fo=16495, routed)       1.272     4.812    u_soc/u_core/clk_out2
    SLICE_X17Y225        FDRE                                         r  u_soc/u_core/ex1_forward_pdst_iq1_q_reg[2]_rep/C
  -------------------------------------------------------------------    -------------------
    SLICE_X17Y225        FDRE (Prop_fdre_C_Q)         0.223     5.035 r  u_soc/u_core/ex1_forward_pdst_iq1_q_reg[2]_rep/Q
                         net (fo=10, routed)          0.562     5.596    u_soc/u_core/u_iq1/ex1_forward_pdst_iq1_q_reg[2]_rep
    SLICE_X17Y224        LUT6 (Prop_lut6_I5_O)        0.043     5.639 f  u_soc/u_core/u_iq1/src1_ready_bank1_q[3]_i_14/O
                         net (fo=1, routed)           0.323     5.962    u_soc/u_core/u_iq1/src1_ready_bank1_q[3]_i_14_n_0
    SLICE_X19Y223        LUT4 (Prop_lut4_I2_O)        0.043     6.005 r  u_soc/u_core/u_iq1/src1_ready_bank1_q[3]_i_6/O
                         net (fo=2, routed)           0.470     6.476    u_soc/u_core/u_iq1/src1_ready_bank1_q[3]_i_6_n_0
    SLICE_X23Y221        LUT3 (Prop_lut3_I1_O)        0.043     6.519 r  u_soc/u_core/u_iq1/src1_ready_bank1_q[3]_i_3/O
                         net (fo=2, routed)           0.295     6.814    u_soc/u_core/u_iq1/src1_ready_bank1_q[3]_i_3_n_0
    SLICE_X23Y220        LUT6 (Prop_lut6_I5_O)        0.043     6.857 r  u_soc/u_core/u_iq1/payload_bank0_q_reg_0_3_36_41_i_30/O
                         net (fo=5, routed)           0.639     7.496    u_soc/u_core/u_iq1/payload_bank0_q_reg_0_3_36_41_i_30_n_0
    SLICE_X21Y218        LUT6 (Prop_lut6_I3_O)        0.043     7.539 r  u_soc/u_core/u_iq1/i_4_LOPT_REMAP_2/O
                         net (fo=2, routed)           0.535     8.074    u_soc/u_core/u_iq1/i_4/O_n_2
    SLICE_X23Y216        LUT6 (Prop_lut6_I2_O)        0.043     8.117 r  u_soc/u_core/u_iq1/ex1_lsu_q[is_load]_i_5_rewire_comp/O
                         net (fo=28, routed)          0.499     8.616    u_soc/u_core/u_iq1/ex1_lsu_q[is_load]_i_5_n_0
    SLICE_X21Y211        LUT6 (Prop_lut6_I3_O)        0.043     8.659 r  u_soc/u_core/u_iq1/u_lane1_i_22/O
                         net (fo=1, routed)           0.193     8.852    u_soc/u_core/u_iq1/u_lane1_i_22_n_0
    SLICE_X23Y211        LUT4 (Prop_lut4_I3_O)        0.043     8.895 f  u_soc/u_core/u_iq1/u_lane1_i_5/O
                         net (fo=87, routed)          0.564     9.458    u_soc/u_core/u_iq1/read_addr0_i[1]
    SLICE_X26Y211        LUT6 (Prop_lut6_I4_O)        0.043     9.501 r  u_soc/u_core/u_iq1/ex1_lsu_q[base][31]_i_20/O
                         net (fo=2, routed)           0.202     9.703    u_soc/u_core/u_iq1/ex1_lsu_q[base][31]_i_20_n_0
    SLICE_X28Y211        LUT5 (Prop_lut5_I0_O)        0.043     9.746 r  u_soc/u_core/u_iq1/ex1_lsu_q[base][31]_i_11/O
                         net (fo=1, routed)           0.184     9.931    u_soc/u_core/u_iq1/ex1_lsu_q[base][31]_i_11_n_0
    SLICE_X29Y212        LUT6 (Prop_lut6_I5_O)        0.043     9.974 r  u_soc/u_core/u_iq1/ex1_lsu_q[base][31]_i_5/O
                         net (fo=33, routed)          0.292    10.266    u_soc/u_core/u_iq1/ex1_lsu_q[base][31]_i_5_n_0
    SLICE_X31Y211        LUT6 (Prop_lut6_I1_O)        0.043    10.309 r  u_soc/u_core/u_iq1/ex1_lsu_q[base][31]_i_2/O
                         net (fo=34, routed)          0.519    10.828    u_soc/u_core/u_iq1/ex1_lsu_q[base][31]_i_2_n_0
    SLICE_X31Y208        LUT6 (Prop_lut6_I2_O)        0.043    10.871 r  u_soc/u_core/u_iq1/ex1_lsu_q[base][18]_i_1_comp/O
                         net (fo=4, routed)           0.475    11.346    u_soc/u_core/issue_read_data[2]_509[18]
    SLICE_X36Y207        FDRE                                         r  u_soc/u_core/ex1_lsu_q_reg[base][18]_replica_1/D
  -------------------------------------------------------------------    -------------------

                         (clock clk_out2_pll rise edge)
                                                      6.667     6.667 r  
    AD12                                              0.000     6.667 r  i_sys_clk_p (IN)
                         net (fo=0)                   0.000     6.667    u_pll/inst/clk_in1_p
    AD12                 IBUFDS (Prop_ibufds_I_O)     0.803     7.470 r  u_pll/inst/clkin1_ibufgds/O
                         net (fo=1, routed)           2.173     9.643    u_pll/inst/clk_in1_pll_buf
    BUFGCTRL_X0Y3        BUFG (Prop_bufg_I_O)         0.083     9.726 r  u_pll/inst/clkin1_bufg1/O
                         net (fo=1, routed)           1.796    11.522    u_pll/inst/clk_in1_pll
    PLLE2_ADV_X1Y0       PLLE2_ADV (Prop_plle2_adv_CLKIN1_CLKOUT1)
                                                     -4.213     7.309 r  u_pll/inst/plle2_adv_inst/CLKOUT1
                         net (fo=1, routed)           2.334     9.643    u_pll/inst/clk_out2_pll
    BUFGCTRL_X0Y15       BUFG (Prop_bufg_I_O)         0.083     9.726 r  u_pll/inst/clkout2_buf_replica/O
                         net (fo=9, routed)           0.134     9.860    u_pll/inst/clk_out2_repN
    BUFGCTRL_X0Y0        BUFG (Prop_bufg_I_O)         0.083     9.943 r  u_pll/inst/clkout2_buf/O
                         net (fo=16495, routed)       1.139    11.082    u_soc/u_core/clk_out2
    SLICE_X36Y207        FDRE                                         r  u_soc/u_core/ex1_lsu_q_reg[base][18]_replica_1/C
                         clock pessimism              0.356    11.438    
                         clock uncertainty           -0.072    11.366    
    SLICE_X36Y207        FDRE (Setup_fdre_C_D)       -0.019    11.347    u_soc/u_core/ex1_lsu_q_reg[base][18]_replica_1
  -------------------------------------------------------------------
                         required time                         11.347    
                         arrival time                         -11.346    
  -------------------------------------------------------------------
                         slack                                  0.001    





Min Delay Paths
--------------------------------------------------------------------------------------
Slack (MET) :             0.045ns  (arrival time - required time)
  Source:                 u_soc/u_core/u_branch_predictor/spec_ras_q_reg[6][20]/C
                            (rising edge-triggered cell FDRE clocked by clk_out2_pll  {rise@0.000ns fall@3.333ns period=6.667ns})
  Destination:            u_soc/u_core/u_branch_predictor/snapshot_bank1_q_reg_0_3_210_215/RAMB/I
                            (rising edge-triggered cell RAMD32 clocked by clk_out2_pll  {rise@0.000ns fall@3.333ns period=6.667ns})
  Path Group:             clk_out2_pll
  Path Type:              Hold (Min at Fast Process Corner)
  Requirement:            0.000ns  (clk_out2_pll rise@0.000ns - clk_out2_pll rise@0.000ns)
  Data Path Delay:        0.208ns  (logic 0.100ns (48.179%)  route 0.108ns (51.821%))
  Logic Levels:           0  
  Clock Path Skew:        0.031ns (DCD - SCD - CPR)
    Destination Clock Delay (DCD):    2.482ns
    Source Clock Delay      (SCD):    2.110ns
    Clock Pessimism Removal (CPR):    0.340ns

    Location             Delay type                Incr(ns)  Path(ns)    Netlist Resource(s)
  -------------------------------------------------------------------    -------------------
                         (clock clk_out2_pll rise edge)
                                                      0.000     0.000 r  
    AD12                                              0.000     0.000 r  i_sys_clk_p (IN)
                         net (fo=0)                   0.000     0.000    u_pll/inst/clk_in1_p
    AD12                 IBUFDS (Prop_ibufds_I_O)     0.388     0.388 r  u_pll/inst/clkin1_ibufgds/O
                         net (fo=1, routed)           1.083     1.471    u_pll/inst/clk_in1_pll_buf
    BUFGCTRL_X0Y3        BUFG (Prop_bufg_I_O)         0.026     1.497 r  u_pll/inst/clkin1_bufg1/O
                         net (fo=1, routed)           0.767     2.264    u_pll/inst/clk_in1_pll
    PLLE2_ADV_X1Y0       PLLE2_ADV (Prop_plle2_adv_CLKIN1_CLKOUT1)
                                                     -1.938     0.326 r  u_pll/inst/plle2_adv_inst/CLKOUT1
                         net (fo=1, routed)           1.145     1.471    u_pll/inst/clk_out2_pll
    BUFGCTRL_X0Y15       BUFG (Prop_bufg_I_O)         0.026     1.497 r  u_pll/inst/clkout2_buf_replica/O
                         net (fo=9, routed)           0.048     1.545    u_pll/inst/clk_out2_repN
    BUFGCTRL_X0Y0        BUFG (Prop_bufg_I_O)         0.026     1.571 r  u_pll/inst/clkout2_buf/O
                         net (fo=16495, routed)       0.539     2.110    u_soc/u_core/u_branch_predictor/clk_out2
    SLICE_X107Y212       FDRE                                         r  u_soc/u_core/u_branch_predictor/spec_ras_q_reg[6][20]/C
  -------------------------------------------------------------------    -------------------
    SLICE_X107Y212       FDRE (Prop_fdre_C_Q)         0.100     2.210 r  u_soc/u_core/u_branch_predictor/spec_ras_q_reg[6][20]/Q
                         net (fo=3, routed)           0.108     2.318    u_soc/u_core/u_branch_predictor/snapshot_bank1_q_reg_0_3_210_215/DIB0
    SLICE_X104Y212       RAMD32                                       r  u_soc/u_core/u_branch_predictor/snapshot_bank1_q_reg_0_3_210_215/RAMB/I
  -------------------------------------------------------------------    -------------------

                         (clock clk_out2_pll rise edge)
                                                      0.000     0.000 r  
    AD12                                              0.000     0.000 r  i_sys_clk_p (IN)
                         net (fo=0)                   0.000     0.000    u_pll/inst/clk_in1_p
    AD12                 IBUFDS (Prop_ibufds_I_O)     0.470     0.470 r  u_pll/inst/clkin1_ibufgds/O
                         net (fo=1, routed)           1.154     1.624    u_pll/inst/clk_in1_pll_buf
    BUFGCTRL_X0Y3        BUFG (Prop_bufg_I_O)         0.030     1.654 r  u_pll/inst/clkin1_bufg1/O
                         net (fo=1, routed)           1.037     2.691    u_pll/inst/clk_in1_pll
    PLLE2_ADV_X1Y0       PLLE2_ADV (Prop_plle2_adv_CLKIN1_CLKOUT1)
                                                     -2.283     0.408 r  u_pll/inst/plle2_adv_inst/CLKOUT1
                         net (fo=1, routed)           1.216     1.624    u_pll/inst/clk_out2_pll
    BUFGCTRL_X0Y15       BUFG (Prop_bufg_I_O)         0.030     1.654 r  u_pll/inst/clkout2_buf_replica/O
                         net (fo=9, routed)           0.055     1.709    u_pll/inst/clk_out2_repN
    BUFGCTRL_X0Y0        BUFG (Prop_bufg_I_O)         0.030     1.739 r  u_pll/inst/clkout2_buf/O
                         net (fo=16495, routed)       0.743     2.482    u_soc/u_core/u_branch_predictor/snapshot_bank1_q_reg_0_3_210_215/WCLK
    SLICE_X104Y212       RAMD32                                       r  u_soc/u_core/u_branch_predictor/snapshot_bank1_q_reg_0_3_210_215/RAMB/CLK
                         clock pessimism             -0.340     2.141    
    SLICE_X104Y212       RAMD32 (Hold_ramd32_CLK_I)
                                                      0.132     2.273    u_soc/u_core/u_branch_predictor/snapshot_bank1_q_reg_0_3_210_215/RAMB
  -------------------------------------------------------------------
                         required time                         -2.273    
                         arrival time                           2.318    
  -------------------------------------------------------------------
                         slack                                  0.045    





Pulse Width Checks
--------------------------------------------------------------------------------------
Clock Name:         clk_out2_pll
Waveform(ns):       { 0.000 3.333 }
Period(ns):         6.667
Sources:            { u_pll/inst/plle2_adv_inst/CLKOUT1 }

Check Type        Corner  Lib Pin             Reference Pin  Required(ns)  Actual(ns)  Slack(ns)  Location        Pin
Min Period        n/a     RAMB36E1/CLKARDCLK  n/a            2.095         6.667       4.572      RAMB36_X2Y34    u_soc/u_dcache/u_data_way0/mem_q_reg_0/CLKARDCLK
Max Period        n/a     PLLE2_ADV/CLKOUT1   n/a            160.000       6.667       153.333    PLLE2_ADV_X1Y0  u_pll/inst/plle2_adv_inst/CLKOUT1
Low Pulse Width   Slow    RAMD32/CLK          n/a            0.768         3.333       2.565      SLICE_X86Y209   u_soc/u_core/fetch_meta_pred_q_reg_0_7_0_5/RAMA/CLK
High Pulse Width  Slow    RAMD32/CLK          n/a            0.768         3.333       2.565      SLICE_X86Y209   u_soc/u_core/fetch_meta_pred_q_reg_0_7_0_5/RAMA/CLK



---------------------------------------------------------------------------------------------------
From Clock:  clkfbout_pll
  To Clock:  clkfbout_pll

Setup :           NA  Failing Endpoints,  Worst Slack           NA  ,  Total Violation           NA
Hold  :           NA  Failing Endpoints,  Worst Slack           NA  ,  Total Violation           NA
PW    :            0  Failing Endpoints,  Worst Slack        8.592ns,  Total Violation        0.000ns
---------------------------------------------------------------------------------------------------


Pulse Width Checks
--------------------------------------------------------------------------------------
Clock Name:         clkfbout_pll
Waveform(ns):       { 0.000 5.000 }
Period(ns):         10.000
Sources:            { u_pll/inst/plle2_adv_inst/CLKFBOUT }

Check Type  Corner  Lib Pin            Reference Pin  Required(ns)  Actual(ns)  Slack(ns)  Location        Pin
Min Period  n/a     BUFG/I             n/a            1.408         10.000      8.591      BUFGCTRL_X0Y2   u_pll/inst/clkf_buf/I
Max Period  n/a     PLLE2_ADV/CLKFBIN  n/a            52.633        10.000      42.633     PLLE2_ADV_X1Y0  u_pll/inst/plle2_adv_inst/CLKFBIN



--------------------------------------------------------------------------------------
Path Group:  (none)
From Clock:  clk_out1_pll
  To Clock:  

Max Delay            25 Endpoints
Min Delay            25 Endpoints
--------------------------------------------------------------------------------------


Max Delay Paths
--------------------------------------------------------------------------------------
Slack:                    inf
  Source:                 u_temperature_island/u_sensor/us_count_q_reg[20]/C
                            (rising edge-triggered cell FDRE clocked by clk_out1_pll  {rise@0.000ns fall@10.000ns period=20.000ns})
  Destination:            ds18b20_dq_io
                            (output port)
  Path Group:             (none)
  Path Type:              Max at Slow Process Corner
  Data Path Delay:        8.953ns  (logic 4.390ns (49.037%)  route 4.563ns (50.963%))
  Logic Levels:           9  (LUT3=1 LUT4=2 LUT5=2 LUT6=3 OBUFT=1)
  Clock Uncertainty:      0.188ns  ((TSJ^2 + DJ^2)^1/2) / 2 + PE
    Total System Jitter     (TSJ):    0.050ns
    Discrete Jitter          (DJ):    0.157ns
    Phase Error              (PE):    0.105ns
  Timing Exception:       False Path

    Location             Delay type                Incr(ns)  Path(ns)    Netlist Resource(s)
  -------------------------------------------------------------------    -------------------
                         (clock clk_out1_pll rise edge)
                                                      0.000     0.000 r  
    AD12                                              0.000     0.000 r  i_sys_clk_p (IN)
                         net (fo=0)                   0.000     0.000    u_pll/inst/clk_in1_p
    AD12                 IBUFDS (Prop_ibufds_I_O)     0.906     0.906 r  u_pll/inst/clkin1_ibufgds/O
                         net (fo=1, routed)           2.299     3.205    u_pll/inst/clk_in1_pll_buf
    BUFGCTRL_X0Y3        BUFG (Prop_bufg_I_O)         0.093     3.298 r  u_pll/inst/clkin1_bufg1/O
                         net (fo=1, routed)           1.959     5.257    u_pll/inst/clk_in1_pll
    PLLE2_ADV_X1Y0       PLLE2_ADV (Prop_plle2_adv_CLKIN1_CLKOUT0)
                                                     -4.519     0.738 r  u_pll/inst/plle2_adv_inst/CLKOUT0
                         net (fo=1, routed)           2.467     3.205    u_pll/inst/clk_out1_pll
    BUFGCTRL_X0Y1        BUFG (Prop_bufg_I_O)         0.093     3.298 r  u_pll/inst/clkout1_buf/O
                         net (fo=240, routed)         1.433     4.731    u_temperature_island/u_sensor/CLK
    SLICE_X8Y276         FDRE                                         r  u_temperature_island/u_sensor/us_count_q_reg[20]/C
  -------------------------------------------------------------------    -------------------
    SLICE_X8Y276         FDRE (Prop_fdre_C_Q)         0.259     4.990 f  u_temperature_island/u_sensor/us_count_q_reg[20]/Q
                         net (fo=3, routed)           0.589     5.579    u_temperature_island/u_sensor/us_count_q_reg_n_0_[20]
    SLICE_X12Y277        LUT4 (Prop_lut4_I2_O)        0.043     5.622 r  u_temperature_island/u_sensor/fault_code_o[2]_i_8/O
                         net (fo=2, routed)           0.114     5.736    u_temperature_island/u_sensor/fault_code_o[2]_i_8_n_0
    SLICE_X12Y277        LUT5 (Prop_lut5_I4_O)        0.043     5.779 f  u_temperature_island/u_sensor/us_count_q[31]_i_9/O
                         net (fo=2, routed)           0.466     6.245    u_temperature_island/u_sensor/us_count_q[31]_i_9_n_0
    SLICE_X8Y277         LUT6 (Prop_lut6_I0_O)        0.043     6.288 f  u_temperature_island/u_sensor/FSM_sequential_state_q[3]_i_27/O
                         net (fo=2, routed)           0.355     6.643    u_temperature_island/u_sensor/FSM_sequential_state_q[3]_i_27_n_0
    SLICE_X9Y277         LUT6 (Prop_lut6_I5_O)        0.043     6.686 r  u_temperature_island/u_sensor/us_count_q[20]_i_4/O
                         net (fo=3, routed)           0.383     7.069    u_temperature_island/u_sensor/us_count_q[20]_i_4_n_0
    SLICE_X11Y274        LUT3 (Prop_lut3_I0_O)        0.043     7.112 r  u_temperature_island/u_sensor/ds18b20_dq_io_IOBUF_inst_i_6/O
                         net (fo=4, routed)           0.474     7.586    u_temperature_island/u_sensor/ds18b20_dq_io_IOBUF_inst_i_6_n_0
    SLICE_X12Y274        LUT4 (Prop_lut4_I0_O)        0.043     7.629 r  u_temperature_island/u_sensor/ds18b20_dq_io_IOBUF_inst_i_3/O
                         net (fo=1, routed)           0.275     7.904    u_temperature_island/u_sensor/ds18b20_dq_io_IOBUF_inst_i_3_n_0
    SLICE_X12Y274        LUT5 (Prop_lut5_I0_O)        0.043     7.947 f  u_temperature_island/u_sensor/i_6_LOPT_REMAP_1/O
                         net (fo=1, routed)           0.316     8.263    u_temperature_island/u_sensor/i_6/O_n_1
    SLICE_X13Y274        LUT6 (Prop_lut6_I0_O)        0.043     8.306 f  u_temperature_island/u_sensor/i_0_LOPT_REMAP_4/O
                         net (fo=1, routed)           1.591     9.896    ds18b20_dq_io_IOBUF_inst/T
    G17                  OBUFT (TriStatE_obuft_T_O)
                                                      3.787    13.684 r  ds18b20_dq_io_IOBUF_inst/OBUFT/O
                         net (fo=1, unset)            0.000    13.684    ds18b20_dq_io
    G17                                                               r  ds18b20_dq_io (INOUT)
  -------------------------------------------------------------------    -------------------





Min Delay Paths
--------------------------------------------------------------------------------------
Slack:                    inf
  Source:                 u_temperature_island/u_sensor/us_count_q_reg[2]/C
                            (rising edge-triggered cell FDRE clocked by clk_out1_pll  {rise@0.000ns fall@10.000ns period=20.000ns})
  Destination:            ds18b20_dq_io
                            (output port)
  Path Group:             (none)
  Path Type:              Min at Fast Process Corner
  Data Path Delay:        1.674ns  (logic 0.501ns (29.923%)  route 1.173ns (70.077%))
  Logic Levels:           3  (LUT3=1 LUT6=1 OBUFT=1)
  Clock Uncertainty:      0.188ns  ((TSJ^2 + DJ^2)^1/2) / 2 + PE
    Total System Jitter     (TSJ):    0.050ns
    Discrete Jitter          (DJ):    0.157ns
    Phase Error              (PE):    0.105ns
  Timing Exception:       False Path

    Location             Delay type                Incr(ns)  Path(ns)    Netlist Resource(s)
  -------------------------------------------------------------------    -------------------
                         (clock clk_out1_pll rise edge)
                                                      0.000     0.000 r  
    AD12                                              0.000     0.000 r  i_sys_clk_p (IN)
                         net (fo=0)                   0.000     0.000    u_pll/inst/clk_in1_p
    AD12                 IBUFDS (Prop_ibufds_I_O)     0.388     0.388 r  u_pll/inst/clkin1_ibufgds/O
                         net (fo=1, routed)           1.083     1.471    u_pll/inst/clk_in1_pll_buf
    BUFGCTRL_X0Y3        BUFG (Prop_bufg_I_O)         0.026     1.497 r  u_pll/inst/clkin1_bufg1/O
                         net (fo=1, routed)           0.767     2.264    u_pll/inst/clk_in1_pll
    PLLE2_ADV_X1Y0       PLLE2_ADV (Prop_plle2_adv_CLKIN1_CLKOUT0)
                                                     -1.938     0.326 r  u_pll/inst/plle2_adv_inst/CLKOUT0
                         net (fo=1, routed)           1.145     1.471    u_pll/inst/clk_out1_pll
    BUFGCTRL_X0Y1        BUFG (Prop_bufg_I_O)         0.026     1.497 r  u_pll/inst/clkout1_buf/O
                         net (fo=240, routed)         0.647     2.144    u_temperature_island/u_sensor/CLK
    SLICE_X11Y272        FDRE                                         r  u_temperature_island/u_sensor/us_count_q_reg[2]/C
  -------------------------------------------------------------------    -------------------
    SLICE_X11Y272        FDRE (Prop_fdre_C_Q)         0.100     2.244 r  u_temperature_island/u_sensor/us_count_q_reg[2]/Q
                         net (fo=7, routed)           0.250     2.495    u_temperature_island/u_sensor/us_count_q_reg_n_0_[2]
    SLICE_X13Y274        LUT3 (Prop_lut3_I0_O)        0.028     2.523 f  u_temperature_island/u_sensor/i_1_LOPT_REMAP_4/O
                         net (fo=1, routed)           0.076     2.599    u_temperature_island/u_sensor/i_1/O_n_4
    SLICE_X13Y274        LUT6 (Prop_lut6_I4_O)        0.028     2.627 r  u_temperature_island/u_sensor/i_0_LOPT_REMAP_4/O
                         net (fo=1, routed)           0.847     3.474    ds18b20_dq_io_IOBUF_inst/T
    G17                  OBUFT (TriStatD_obuft_T_O)
                                                      0.345     3.819 r  ds18b20_dq_io_IOBUF_inst/OBUFT/O
                         net (fo=1, unset)            0.000     3.819    ds18b20_dq_io
    G17                                                               r  ds18b20_dq_io (INOUT)
  -------------------------------------------------------------------    -------------------





--------------------------------------------------------------------------------------
Path Group:  (none)
From Clock:  clk_out2_pll
  To Clock:  

Max Delay             2 Endpoints
Min Delay             2 Endpoints
--------------------------------------------------------------------------------------


Max Delay Paths
--------------------------------------------------------------------------------------
Slack:                    inf
  Source:                 u_soc/u_peripherals/u_uart/tx_o_reg/C
                            (rising edge-triggered cell FDSE clocked by clk_out2_pll  {rise@0.000ns fall@3.333ns period=6.667ns})
  Destination:            o_uart_tx
                            (output port)
  Path Group:             (none)
  Path Type:              Max at Slow Process Corner
  Data Path Delay:        7.408ns  (logic 3.539ns (47.769%)  route 3.869ns (52.231%))
  Logic Levels:           1  (OBUF=1)
  Clock Uncertainty:      0.173ns  ((TSJ^2 + DJ^2)^1/2) / 2 + PE
    Total System Jitter     (TSJ):    0.050ns
    Discrete Jitter          (DJ):    0.126ns
    Phase Error              (PE):    0.105ns
  Timing Exception:       False Path

    Location             Delay type                Incr(ns)  Path(ns)    Netlist Resource(s)
  -------------------------------------------------------------------    -------------------
                         (clock clk_out2_pll rise edge)
                                                      0.000     0.000 r  
    AD12                                              0.000     0.000 r  i_sys_clk_p (IN)
                         net (fo=0)                   0.000     0.000    u_pll/inst/clk_in1_p
    AD12                 IBUFDS (Prop_ibufds_I_O)     0.906     0.906 r  u_pll/inst/clkin1_ibufgds/O
                         net (fo=1, routed)           2.299     3.205    u_pll/inst/clk_in1_pll_buf
    BUFGCTRL_X0Y3        BUFG (Prop_bufg_I_O)         0.093     3.298 r  u_pll/inst/clkin1_bufg1/O
                         net (fo=1, routed)           1.959     5.257    u_pll/inst/clk_in1_pll
    PLLE2_ADV_X1Y0       PLLE2_ADV (Prop_plle2_adv_CLKIN1_CLKOUT1)
                                                     -4.519     0.738 r  u_pll/inst/plle2_adv_inst/CLKOUT1
                         net (fo=1, routed)           2.467     3.205    u_pll/inst/clk_out2_pll
    BUFGCTRL_X0Y15       BUFG (Prop_bufg_I_O)         0.093     3.298 r  u_pll/inst/clkout2_buf_replica/O
                         net (fo=9, routed)           0.149     3.447    u_pll/inst/clk_out2_repN
    BUFGCTRL_X0Y0        BUFG (Prop_bufg_I_O)         0.093     3.540 r  u_pll/inst/clkout2_buf/O
                         net (fo=16495, routed)       1.213     4.753    u_soc/u_peripherals/u_uart/clk_out2
    SLICE_X81Y172        FDSE                                         r  u_soc/u_peripherals/u_uart/tx_o_reg/C
  -------------------------------------------------------------------    -------------------
    SLICE_X81Y172        FDSE (Prop_fdse_C_Q)         0.223     4.976 r  u_soc/u_peripherals/u_uart/tx_o_reg/Q
                         net (fo=1, routed)           3.869     8.845    o_uart_tx_OBUF
    D17                  OBUF (Prop_obuf_I_O)         3.316    12.161 r  o_uart_tx_OBUF_inst/O
                         net (fo=0)                   0.000    12.161    o_uart_tx
    D17                                                               r  o_uart_tx (OUT)
  -------------------------------------------------------------------    -------------------





Min Delay Paths
--------------------------------------------------------------------------------------
Slack:                    inf
  Source:                 u_soc/u_peripherals/u_irq/coremark_led_q_reg/C
                            (rising edge-triggered cell FDRE clocked by clk_out2_pll  {rise@0.000ns fall@3.333ns period=6.667ns})
  Destination:            virtual_led[0]
                            (output port)
  Path Group:             (none)
  Path Type:              Min at Fast Process Corner
  Data Path Delay:        3.225ns  (logic 1.401ns (43.448%)  route 1.824ns (56.552%))
  Logic Levels:           1  (OBUF=1)
  Clock Uncertainty:      0.173ns  ((TSJ^2 + DJ^2)^1/2) / 2 + PE
    Total System Jitter     (TSJ):    0.050ns
    Discrete Jitter          (DJ):    0.126ns
    Phase Error              (PE):    0.105ns
  Timing Exception:       False Path

    Location             Delay type                Incr(ns)  Path(ns)    Netlist Resource(s)
  -------------------------------------------------------------------    -------------------
                         (clock clk_out2_pll rise edge)
                                                      0.000     0.000 r  
    AD12                                              0.000     0.000 r  i_sys_clk_p (IN)
                         net (fo=0)                   0.000     0.000    u_pll/inst/clk_in1_p
    AD12                 IBUFDS (Prop_ibufds_I_O)     0.388     0.388 r  u_pll/inst/clkin1_ibufgds/O
                         net (fo=1, routed)           1.083     1.471    u_pll/inst/clk_in1_pll_buf
    BUFGCTRL_X0Y3        BUFG (Prop_bufg_I_O)         0.026     1.497 r  u_pll/inst/clkin1_bufg1/O
                         net (fo=1, routed)           0.767     2.264    u_pll/inst/clk_in1_pll
    PLLE2_ADV_X1Y0       PLLE2_ADV (Prop_plle2_adv_CLKIN1_CLKOUT1)
                                                     -1.938     0.326 r  u_pll/inst/plle2_adv_inst/CLKOUT1
                         net (fo=1, routed)           1.145     1.471    u_pll/inst/clk_out2_pll
    BUFGCTRL_X0Y15       BUFG (Prop_bufg_I_O)         0.026     1.497 r  u_pll/inst/clkout2_buf_replica/O
                         net (fo=9, routed)           0.048     1.545    u_pll/inst/clk_out2_repN
    BUFGCTRL_X0Y0        BUFG (Prop_bufg_I_O)         0.026     1.571 r  u_pll/inst/clkout2_buf/O
                         net (fo=16495, routed)       0.531     2.102    u_soc/u_peripherals/u_irq/clk_out2
    SLICE_X67Y171        FDRE                                         r  u_soc/u_peripherals/u_irq/coremark_led_q_reg/C
  -------------------------------------------------------------------    -------------------
    SLICE_X67Y171        FDRE (Prop_fdre_C_Q)         0.100     2.202 r  u_soc/u_peripherals/u_irq/coremark_led_q_reg/Q
                         net (fo=3, routed)           1.824     4.026    virtual_led_OBUF[0]
    G24                  OBUF (Prop_obuf_I_O)         1.301     5.327 r  virtual_led_OBUF[0]_inst/O
                         net (fo=0)                   0.000     5.327    virtual_led[0]
    G24                                                               r  virtual_led[0] (OUT)
  -------------------------------------------------------------------    -------------------





--------------------------------------------------------------------------------------
Path Group:  (none)
From Clock:  
  To Clock:  clk_out1_pll

Max Delay             1 Endpoint
Min Delay             1 Endpoint
--------------------------------------------------------------------------------------


Max Delay Paths
--------------------------------------------------------------------------------------
Slack:                    inf
  Source:                 ds18b20_dq_io
                            (input port)
  Destination:            u_temperature_island/u_sensor/dq_sync_q_reg[0]/D
                            (rising edge-triggered cell FDSE clocked by clk_out1_pll  {rise@0.000ns fall@10.000ns period=20.000ns})
  Path Group:             (none)
  Path Type:              Setup (Max at Slow Process Corner)
  Data Path Delay:        2.339ns  (logic 1.523ns (65.119%)  route 0.816ns (34.881%))
  Logic Levels:           1  (IBUF=1)
  Clock Path Skew:        4.381ns (DCD - SCD + CPR)
    Destination Clock Delay (DCD):    4.381ns
    Source Clock Delay      (SCD):    0.000ns
    Clock Pessimism Removal (CPR):    0.000ns
  Clock Uncertainty:      0.188ns  ((TSJ^2 + DJ^2)^1/2) / 2 + PE
    Total System Jitter     (TSJ):    0.050ns
    Discrete Jitter          (DJ):    0.157ns
    Phase Error              (PE):    0.105ns
  Timing Exception:       False Path

    Location             Delay type                Incr(ns)  Path(ns)    Netlist Resource(s)
  -------------------------------------------------------------------    -------------------
    G17                                               0.000     0.000 r  ds18b20_dq_io (INOUT)
                         net (fo=1, unset)            0.000     0.000    ds18b20_dq_io_IOBUF_inst/IO
    G17                  IBUF (Prop_ibuf_I_O)         1.523     1.523 r  ds18b20_dq_io_IOBUF_inst/IBUF/O
                         net (fo=1, routed)           0.816     2.339    u_temperature_island/u_sensor/dq_sync_q_reg[0]_0[0]
    SLICE_X6Y272         FDSE                                         r  u_temperature_island/u_sensor/dq_sync_q_reg[0]/D
  -------------------------------------------------------------------    -------------------

                         (clock clk_out1_pll rise edge)
                                                      0.000     0.000 r  
    AD12                                              0.000     0.000 r  i_sys_clk_p (IN)
                         net (fo=0)                   0.000     0.000    u_pll/inst/clk_in1_p
    AD12                 IBUFDS (Prop_ibufds_I_O)     0.803     0.803 r  u_pll/inst/clkin1_ibufgds/O
                         net (fo=1, routed)           2.173     2.976    u_pll/inst/clk_in1_pll_buf
    BUFGCTRL_X0Y3        BUFG (Prop_bufg_I_O)         0.083     3.059 r  u_pll/inst/clkin1_bufg1/O
                         net (fo=1, routed)           1.796     4.855    u_pll/inst/clk_in1_pll
    PLLE2_ADV_X1Y0       PLLE2_ADV (Prop_plle2_adv_CLKIN1_CLKOUT0)
                                                     -4.213     0.642 r  u_pll/inst/plle2_adv_inst/CLKOUT0
                         net (fo=1, routed)           2.334     2.976    u_pll/inst/clk_out1_pll
    BUFGCTRL_X0Y1        BUFG (Prop_bufg_I_O)         0.083     3.059 r  u_pll/inst/clkout1_buf/O
                         net (fo=240, routed)         1.322     4.381    u_temperature_island/u_sensor/CLK
    SLICE_X6Y272         FDSE                                         r  u_temperature_island/u_sensor/dq_sync_q_reg[0]/C





Min Delay Paths
--------------------------------------------------------------------------------------
Slack:                    inf
  Source:                 ds18b20_dq_io
                            (input port)
  Destination:            u_temperature_island/u_sensor/dq_sync_q_reg[0]/D
                            (rising edge-triggered cell FDSE clocked by clk_out1_pll  {rise@0.000ns fall@10.000ns period=20.000ns})
  Path Group:             (none)
  Path Type:              Hold (Min at Fast Process Corner)
  Data Path Delay:        0.889ns  (logic 0.448ns (50.403%)  route 0.441ns (49.597%))
  Logic Levels:           1  (IBUF=1)
  Clock Path Skew:        2.555ns (DCD - SCD - CPR)
    Destination Clock Delay (DCD):    2.555ns
    Source Clock Delay      (SCD):    0.000ns
    Clock Pessimism Removal (CPR):    -0.000ns
  Timing Exception:       False Path

    Location             Delay type                Incr(ns)  Path(ns)    Netlist Resource(s)
  -------------------------------------------------------------------    -------------------
    G17                                               0.000     0.000 r  ds18b20_dq_io (INOUT)
                         net (fo=1, unset)            0.000     0.000    ds18b20_dq_io_IOBUF_inst/IO
    G17                  IBUF (Prop_ibuf_I_O)         0.448     0.448 r  ds18b20_dq_io_IOBUF_inst/IBUF/O
                         net (fo=1, routed)           0.441     0.889    u_temperature_island/u_sensor/dq_sync_q_reg[0]_0[0]
    SLICE_X6Y272         FDSE                                         r  u_temperature_island/u_sensor/dq_sync_q_reg[0]/D
  -------------------------------------------------------------------    -------------------

                         (clock clk_out1_pll rise edge)
                                                      0.000     0.000 r  
    AD12                                              0.000     0.000 r  i_sys_clk_p (IN)
                         net (fo=0)                   0.000     0.000    u_pll/inst/clk_in1_p
    AD12                 IBUFDS (Prop_ibufds_I_O)     0.470     0.470 r  u_pll/inst/clkin1_ibufgds/O
                         net (fo=1, routed)           1.154     1.624    u_pll/inst/clk_in1_pll_buf
    BUFGCTRL_X0Y3        BUFG (Prop_bufg_I_O)         0.030     1.654 r  u_pll/inst/clkin1_bufg1/O
                         net (fo=1, routed)           1.037     2.691    u_pll/inst/clk_in1_pll
    PLLE2_ADV_X1Y0       PLLE2_ADV (Prop_plle2_adv_CLKIN1_CLKOUT0)
                                                     -2.283     0.408 r  u_pll/inst/plle2_adv_inst/CLKOUT0
                         net (fo=1, routed)           1.216     1.624    u_pll/inst/clk_out1_pll
    BUFGCTRL_X0Y1        BUFG (Prop_bufg_I_O)         0.030     1.654 r  u_pll/inst/clkout1_buf/O
                         net (fo=240, routed)         0.901     2.555    u_temperature_island/u_sensor/CLK
    SLICE_X6Y272         FDSE                                         r  u_temperature_island/u_sensor/dq_sync_q_reg[0]/C





--------------------------------------------------------------------------------------
Path Group:  (none)
From Clock:  
  To Clock:  clk_out2_pll

Max Delay             1 Endpoint
Min Delay             1 Endpoint
--------------------------------------------------------------------------------------


Max Delay Paths
--------------------------------------------------------------------------------------
Slack:                    inf
  Source:                 i_uart_rx
                            (input port)
  Destination:            u_soc/u_peripherals/u_uart/rx_sync_q_reg[0]/D
                            (rising edge-triggered cell FDSE clocked by clk_out2_pll  {rise@0.000ns fall@3.333ns period=6.667ns})
  Path Group:             (none)
  Path Type:              Setup (Max at Slow Process Corner)
  Data Path Delay:        5.746ns  (logic 1.533ns (26.679%)  route 4.213ns (73.321%))
  Logic Levels:           1  (IBUF=1)
  Clock Path Skew:        4.355ns (DCD - SCD + CPR)
    Destination Clock Delay (DCD):    4.355ns
    Source Clock Delay      (SCD):    0.000ns
    Clock Pessimism Removal (CPR):    0.000ns
  Clock Uncertainty:      0.173ns  ((TSJ^2 + DJ^2)^1/2) / 2 + PE
    Total System Jitter     (TSJ):    0.050ns
    Discrete Jitter          (DJ):    0.126ns
    Phase Error              (PE):    0.105ns
  Timing Exception:       False Path

    Location             Delay type                Incr(ns)  Path(ns)    Netlist Resource(s)
  -------------------------------------------------------------------    -------------------
    D18                                               0.000     0.000 r  i_uart_rx (IN)
                         net (fo=0)                   0.000     0.000    i_uart_rx
    D18                  IBUF (Prop_ibuf_I_O)         1.533     1.533 r  i_uart_rx_IBUF_inst/O
                         net (fo=1, routed)           4.213     5.746    u_soc/u_peripherals/u_uart/rx_sync_q_reg[0]_0[0]
    SLICE_X75Y169        FDSE                                         r  u_soc/u_peripherals/u_uart/rx_sync_q_reg[0]/D
  -------------------------------------------------------------------    -------------------

                         (clock clk_out2_pll rise edge)
                                                      0.000     0.000 r  
    AD12                                              0.000     0.000 r  i_sys_clk_p (IN)
                         net (fo=0)                   0.000     0.000    u_pll/inst/clk_in1_p
    AD12                 IBUFDS (Prop_ibufds_I_O)     0.803     0.803 r  u_pll/inst/clkin1_ibufgds/O
                         net (fo=1, routed)           2.173     2.976    u_pll/inst/clk_in1_pll_buf
    BUFGCTRL_X0Y3        BUFG (Prop_bufg_I_O)         0.083     3.059 r  u_pll/inst/clkin1_bufg1/O
                         net (fo=1, routed)           1.796     4.855    u_pll/inst/clk_in1_pll
    PLLE2_ADV_X1Y0       PLLE2_ADV (Prop_plle2_adv_CLKIN1_CLKOUT1)
                                                     -4.213     0.642 r  u_pll/inst/plle2_adv_inst/CLKOUT1
                         net (fo=1, routed)           2.334     2.976    u_pll/inst/clk_out2_pll
    BUFGCTRL_X0Y15       BUFG (Prop_bufg_I_O)         0.083     3.059 r  u_pll/inst/clkout2_buf_replica/O
                         net (fo=9, routed)           0.134     3.193    u_pll/inst/clk_out2_repN
    BUFGCTRL_X0Y0        BUFG (Prop_bufg_I_O)         0.083     3.276 r  u_pll/inst/clkout2_buf/O
                         net (fo=16495, routed)       1.079     4.355    u_soc/u_peripherals/u_uart/clk_out2
    SLICE_X75Y169        FDSE                                         r  u_soc/u_peripherals/u_uart/rx_sync_q_reg[0]/C





Min Delay Paths
--------------------------------------------------------------------------------------
Slack:                    inf
  Source:                 i_uart_rx
                            (input port)
  Destination:            u_soc/u_peripherals/u_uart/rx_sync_q_reg[0]/D
                            (rising edge-triggered cell FDSE clocked by clk_out2_pll  {rise@0.000ns fall@3.333ns period=6.667ns})
  Path Group:             (none)
  Path Type:              Hold (Min at Fast Process Corner)
  Data Path Delay:        2.815ns  (logic 0.458ns (16.260%)  route 2.357ns (83.740%))
  Logic Levels:           1  (IBUF=1)
  Clock Path Skew:        2.468ns (DCD - SCD - CPR)
    Destination Clock Delay (DCD):    2.468ns
    Source Clock Delay      (SCD):    0.000ns
    Clock Pessimism Removal (CPR):    -0.000ns
  Timing Exception:       False Path

    Location             Delay type                Incr(ns)  Path(ns)    Netlist Resource(s)
  -------------------------------------------------------------------    -------------------
    D18                                               0.000     0.000 r  i_uart_rx (IN)
                         net (fo=0)                   0.000     0.000    i_uart_rx
    D18                  IBUF (Prop_ibuf_I_O)         0.458     0.458 r  i_uart_rx_IBUF_inst/O
                         net (fo=1, routed)           2.357     2.815    u_soc/u_peripherals/u_uart/rx_sync_q_reg[0]_0[0]
    SLICE_X75Y169        FDSE                                         r  u_soc/u_peripherals/u_uart/rx_sync_q_reg[0]/D
  -------------------------------------------------------------------    -------------------

                         (clock clk_out2_pll rise edge)
                                                      0.000     0.000 r  
    AD12                                              0.000     0.000 r  i_sys_clk_p (IN)
                         net (fo=0)                   0.000     0.000    u_pll/inst/clk_in1_p
    AD12                 IBUFDS (Prop_ibufds_I_O)     0.470     0.470 r  u_pll/inst/clkin1_ibufgds/O
                         net (fo=1, routed)           1.154     1.624    u_pll/inst/clk_in1_pll_buf
    BUFGCTRL_X0Y3        BUFG (Prop_bufg_I_O)         0.030     1.654 r  u_pll/inst/clkin1_bufg1/O
                         net (fo=1, routed)           1.037     2.691    u_pll/inst/clk_in1_pll
    PLLE2_ADV_X1Y0       PLLE2_ADV (Prop_plle2_adv_CLKIN1_CLKOUT1)
                                                     -2.283     0.408 r  u_pll/inst/plle2_adv_inst/CLKOUT1
                         net (fo=1, routed)           1.216     1.624    u_pll/inst/clk_out2_pll
    BUFGCTRL_X0Y15       BUFG (Prop_bufg_I_O)         0.030     1.654 r  u_pll/inst/clkout2_buf_replica/O
                         net (fo=9, routed)           0.055     1.709    u_pll/inst/clk_out2_repN
    BUFGCTRL_X0Y0        BUFG (Prop_bufg_I_O)         0.030     1.739 r  u_pll/inst/clkout2_buf/O
                         net (fo=16495, routed)       0.729     2.468    u_soc/u_peripherals/u_uart/clk_out2
    SLICE_X75Y169        FDSE                                         r  u_soc/u_peripherals/u_uart/rx_sync_q_reg[0]/C





